07-11 21:33:28.748: D/GameBoosterService(4466): onGameStatusChange foreground:ForegroundInfo{mForegroundPackageName='ru.yandex.uber', mForegroundUid=10251, mForegroundPid=23387, mLastForegroundPackageName='com.android.systemui', mLastForegroundUid=1000, mLastForegroundPid=2378, mMultiWindowForegroundPackageName='null', mMultiWindowForegroundUid=-1, mFlags=0}
07-11 21:33:28.771: D/LocationManagerService(1632): request 8a7748a passive Request[POWER_NONE passive fastest=0] from ru.yandex.uber(10251 foreground)
07-11 21:33:28.833: D/LocationManagerService(1632): request 147f4ce passive Request[POWER_NONE passive fastest=+1s0ms] from ru.yandex.uber(10251 foreground)
07-11 21:33:28.844: D/LocationManagerService(1632): request 147f4ce passive Request[POWER_NONE passive fastest=+1s0ms] from ru.yandex.uber(10251 foreground)
07-11 21:33:28.853: D/LocationManagerService(1632): request 147f4ce passive Request[POWER_NONE passive fastest=+1s0ms] from ru.yandex.uber(10251 foreground)
07-11 21:33:28.860: D/LocationManagerService(1632): request 147f4ce passive Request[POWER_NONE passive fastest=+1s0ms] from ru.yandex.uber(10251 foreground)
07-11 21:33:28.931: D/LocationManagerService(1632): request 147f4ce passive Request[POWER_NONE passive fastest=+1s0ms] from ru.yandex.uber(10251 foreground)
07-11 21:33:28.939: I/MiuiKnockGestureService(1632): focus window:ru.yandex.uber
07-11 21:33:28.951: D/LocationManagerService(1632): request 147f4ce passive Request[POWER_NONE passive fastest=+1s0ms] from ru.yandex.uber(10251 foreground)
07-11 21:33:28.961: D/LocationManagerService(1632): request 147f4ce passive Request[POWER_NONE passive fastest=+1s0ms] from ru.yandex.uber(10251 foreground)
07-11 21:33:28.965: D/LocationManagerService(1632): request 147f4ce passive Request[POWER_NONE passive fastest=+1s0ms] from ru.yandex.uber(10251 foreground)
07-11 21:33:28.981: D/LocationManagerService(1632): request 147f4ce passive Request[POWER_NONE passive fastest=+1s0ms] from ru.yandex.uber(10251 foreground)
07-11 21:33:29.055: D/LocationManagerService(1632): request 147f4ce passive Request[POWER_NONE passive fastest=+1s0ms] from ru.yandex.uber(10251 foreground)
07-11 21:33:29.061: I/WifiScanRequestProxy(1632): Scan request from ru.yandex.uber throttled
07-11 21:33:29.094: D/LocationManagerService(1632): request 147f4ce passive Request[POWER_NONE passive fastest=+1s0ms] from ru.yandex.uber(10251 foreground)
07-11 21:33:29.153: I/Timeline(1632): Timeline: Activity_windows_visible id: ActivityRecord{109de7b u0 ru.yandex.uber/ru.yandex.taxi.activity.MainActivity t4408} time:4268024
07-11 21:33:29.158: D/LocationManagerService(1632): request 147f4ce passive Request[POWER_NONE passive fastest=+1s0ms] from ru.yandex.uber(10251 foreground)
07-11 21:33:29.431: D/LocationManagerService(1632): request 147f4ce passive Request[POWER_NONE passive fastest=+1s0ms] from ru.yandex.uber(10251 foreground)
07-11 21:33:29.440: D/LocationManagerService(1632): request 147f4ce passive Request[POWER_NONE passive fastest=+1s0ms] from ru.yandex.uber(10251 foreground)
07-11 21:33:29.462: D/LocationManagerService(1632): request 147f4ce passive Request[POWER_NONE passive fastest=+1s0ms] from ru.yandex.uber(10251 foreground)
07-11 21:33:29.469: D/LocationManagerService(1632): request 147f4ce passive Request[POWER_NONE passive fastest=+1s0ms] from ru.yandex.uber(10251 foreground)
07-11 21:33:29.475: D/LocationManagerService(1632): request 147f4ce passive Request[POWER_NONE passive fastest=+1s0ms] from ru.yandex.uber(10251 foreground)
07-11 21:33:29.523: D/LocationManagerService(1632): request 147f4ce passive Request[POWER_NONE passive fastest=+1s0ms] from ru.yandex.uber(10251 foreground)
07-11 21:33:29.723: D/LocationManagerService(1632): request 147f4ce passive Request[POWER_NONE passive fastest=+1s0ms] from ru.yandex.uber(10251 foreground)
07-11 21:33:29.810: I/ProcessMonitor(4466): onForegroundInfoChanged: ForegroundInfo{mForegroundPackageName='com.mi.android.globallauncher', mForegroundUid=10077, mForegroundPid=2802, mLastForegroundPackageName='ru.yandex.uber', mLastForegroundUid=10251, mLastForegroundPid=23387, mMultiWindowForegroundPackageName='null', mMultiWindowForegroundUid=-1, mFlags=0}
07-11 21:33:29.810: I/GameBoosterService(4466): onForegroundInfoChanged: Cur=com.mi.android.globallauncher	 last=ru.yandex.uber
07-11 21:33:29.811: I/GST(10863): forePkg: com.mi.android.globallauncher, preForePkg: ru.yandex.uber
07-11 21:33:29.813: D/GameBoosterService(4466): onGameStatusChange foreground:ForegroundInfo{mForegroundPackageName='com.mi.android.globallauncher', mForegroundUid=10077, mForegroundPid=2802, mLastForegroundPackageName='ru.yandex.uber', mLastForegroundUid=10251, mLastForegroundPid=23387, mMultiWindowForegroundPackageName='null', mMultiWindowForegroundUid=-1, mFlags=0}
07-11 21:33:30.256: D/LocationManagerService(1632): request 147f4ce passive Request[POWER_NONE passive fastest=+1s0ms] from ru.yandex.uber(10251 background)
07-11 21:33:31.879: I/ActivityTaskManager(1632): START u0 {act=android.intent.action.MAIN cat=[android.intent.category.LAUNCHER] flg=0x10300000 cmp=ru.yandex.uber/ru.yandex.taxi.activity.StartActivity (has extras)} from uid 10251
07-11 21:33:31.904: I/ActivityTaskManager(1632): The Process ru.yandex.uber Already Exists in BG. So sending its PID: 23387
07-11 21:33:31.916: I/ProcessMonitor(4466): onForegroundInfoChanged: ForegroundInfo{mForegroundPackageName='ru.yandex.uber', mForegroundUid=10251, mForegroundPid=23387, mLastForegroundPackageName='com.android.systemui', mLastForegroundUid=1000, mLastForegroundPid=2378, mMultiWindowForegroundPackageName='null', mMultiWindowForegroundUid=-1, mFlags=0}
07-11 21:33:31.916: I/GameBoosterService(4466): onForegroundInfoChanged: Cur=ru.yandex.uber	 last=com.android.systemui
07-11 21:33:31.916: I/DisplayFrameSetting(5644): setScreenEffect pkg=ru.yandex.uber fps=120 cookie=244
07-11 21:33:31.916: I/GST(10863): forePkg: ru.yandex.uber, preForePkg: com.android.systemui
07-11 21:33:31.932: D/GameBoosterService(4466): onGameStatusChange foreground:ForegroundInfo{mForegroundPackageName='ru.yandex.uber', mForegroundUid=10251, mForegroundPid=23387, mLastForegroundPackageName='com.android.systemui', mLastForegroundUid=1000, mLastForegroundPid=2378, mMultiWindowForegroundPackageName='null', mMultiWindowForegroundUid=-1, mFlags=0}
07-11 21:33:31.964: I/ActivityTaskManager(1632): START u0 {act=android.intent.action.MAIN cat=[android.intent.category.LAUNCHER] flg=0x10300000 cmp=ru.yandex.uber/ru.yandex.taxi.activity.MainActivity (has extras)} from uid 10251
07-11 21:33:31.981: D/ForceDarkHelper(23387): updateByCheckExcludeList: pkg: ru.yandex.uber activity: ru.yandex.taxi.activity.StartActivity@d763c66
07-11 21:33:31.986: I/ActivityTaskManager(1632): The Process ru.yandex.uber Already Exists in BG. So sending its PID: 23387
07-11 21:33:31.981: D/ForceDarkHelper(23387): updateByCheckExcludeList: pkg: ru.yandex.uber activity: ru.yandex.taxi.activity.StartActivity@d763c66
07-11 21:33:32.007: D/ForceDarkHelper(23387): updateByCheckExcludeList: pkg: ru.yandex.uber activity: ru.yandex.taxi.activity.MainActivity@9085e84
07-11 21:33:32.012: I/chatty(23387): uid=10251(ru.yandex.uber) identical 6 lines
07-11 21:33:32.013: D/ForceDarkHelper(23387): updateByCheckExcludeList: pkg: ru.yandex.uber activity: ru.yandex.taxi.activity.MainActivity@9085e84
07-11 21:33:32.020: D/ForceDarkHelper(23387): updateByCheckExcludeList: pkg: ru.yandex.uber activity: ru.yandex.taxi.activity.MainActivity@9085e84
07-11 21:33:32.021: D/LocationManagerService(1632): request 147f4ce passive Request[POWER_NONE passive fastest=+1s0ms] from ru.yandex.uber(10251 foreground)
07-11 21:33:32.026: D/ForceDarkHelper(23387): updateByCheckExcludeList: pkg: ru.yandex.uber activity: ru.yandex.taxi.activity.MainActivity@9085e84
07-11 21:33:32.087: I/chatty(23387): uid=10251(ru.yandex.uber) identical 236 lines
07-11 21:33:32.088: D/ForceDarkHelper(23387): updateByCheckExcludeList: pkg: ru.yandex.uber activity: ru.yandex.taxi.activity.MainActivity@9085e84
07-11 21:33:32.088: D/ForceDarkHelper(23387): updateByCheckExcludeList: pkg: ru.yandex.uber activity: ru.yandex.taxi.activity.MainActivity@9085e84
07-11 21:33:32.123: I/chatty(23387): uid=10251(ru.yandex.uber) identical 56 lines
07-11 21:33:32.124: D/ForceDarkHelper(23387): updateByCheckExcludeList: pkg: ru.yandex.uber activity: ru.yandex.taxi.activity.MainActivity@9085e84
07-11 21:33:32.128: D/ForceDarkHelper(23387): updateByCheckExcludeList: pkg: ru.yandex.uber activity: ru.yandex.taxi.activity.MainActivity@9085e84
07-11 21:33:32.130: I/chatty(23387): uid=10251(ru.yandex.uber) identical 4 lines
07-11 21:33:32.130: D/ForceDarkHelper(23387): updateByCheckExcludeList: pkg: ru.yandex.uber activity: ru.yandex.taxi.activity.MainActivity@9085e84
07-11 21:33:32.133: D/ForceDarkHelper(23387): updateByCheckExcludeList: pkg: ru.yandex.uber activity: ru.yandex.taxi.activity.MainActivity@9085e84
07-11 21:33:32.136: D/LocationManagerService(1632): request 147f4ce passive Request[POWER_NONE passive fastest=+1s0ms] from ru.yandex.uber(10251 foreground)
07-11 21:33:32.139: D/LocationManagerService(1632): request 147f4ce passive Request[POWER_NONE passive fastest=+1s0ms] from ru.yandex.uber(10251 foreground)
07-11 21:33:32.165: D/LocationManagerService(1632): request 147f4ce passive Request[POWER_NONE passive fastest=+1s0ms] from ru.yandex.uber(10251 foreground)
07-11 21:33:32.169: D/LocationManagerService(1632): request 44cbe66 passive Request[POWER_NONE passive fastest=0] from ru.yandex.uber(10251 foreground)
07-11 21:33:32.172: D/LocationManagerService(1632): request 147f4ce passive Request[POWER_NONE passive fastest=+1s0ms] from ru.yandex.uber(10251 foreground)
07-11 21:33:32.179: I/updatesdk(23387): UpdateSDK version is: 2.0.7.302 ,flavor: envrelease ,pkgName: ru.yandex.uber
07-11 21:33:32.188: D/LocationManagerService(1632): request 147f4ce passive Request[POWER_NONE passive fastest=+1s0ms] from ru.yandex.uber(10251 foreground)
07-11 21:33:32.195: D/LocationManagerService(1632): request 147f4ce passive Request[POWER_NONE passive fastest=+1s0ms] from ru.yandex.uber(10251 foreground)
07-11 21:33:32.198: D/LocationManagerService(1632): request 147f4ce passive Request[POWER_NONE passive fastest=+1s0ms] from ru.yandex.uber(10251 foreground)
07-11 21:33:32.205: D/LocationManagerService(1632): request 147f4ce passive Request[POWER_NONE passive fastest=+1s0ms] from ru.yandex.uber(10251 foreground)
07-11 21:33:32.214: D/LocationManagerService(1632): request 147f4ce passive Request[POWER_NONE passive fastest=+1s0ms] from ru.yandex.uber(10251 foreground)
07-11 21:33:32.215: D/ForceDarkHelper(23387): updateByCheckExcludeList: pkg: ru.yandex.uber activity: ru.yandex.taxi.activity.MainActivity@9085e84
07-11 21:33:32.220: D/ForceDarkHelper(23387): updateByCheckExcludeList: pkg: ru.yandex.uber activity: ru.yandex.taxi.activity.MainActivity@9085e84
07-11 21:33:32.222: D/ForceDarkHelper(23387): updateByCheckExcludeList: pkg: ru.yandex.uber activity: ru.yandex.taxi.activity.MainActivity@9085e84
07-11 21:33:32.226: I/chatty(23387): uid=10251(ru.yandex.uber) identical 3 lines
07-11 21:33:32.228: D/ForceDarkHelper(23387): updateByCheckExcludeList: pkg: ru.yandex.uber activity: ru.yandex.taxi.activity.MainActivity@9085e84
07-11 21:33:32.230: D/LocationManagerService(1632): request 147f4ce passive Request[POWER_NONE passive fastest=+1s0ms] from ru.yandex.uber(10251 foreground)
07-11 21:33:32.233: D/LocationManagerService(1632): request 147f4ce passive Request[POWER_NONE passive fastest=+1s0ms] from ru.yandex.uber(10251 foreground)
07-11 21:33:32.234: D/ForceDarkHelper(23387): updateByCheckExcludeList: pkg: ru.yandex.uber activity: ru.yandex.taxi.activity.MainActivity@9085e84
07-11 21:33:32.237: I/chatty(23387): uid=10251(ru.yandex.uber) identical 5 lines
07-11 21:33:32.237: D/ForceDarkHelper(23387): updateByCheckExcludeList: pkg: ru.yandex.uber activity: ru.yandex.taxi.activity.MainActivity@9085e84
07-11 21:33:32.240: D/LocationManagerService(1632): request 147f4ce passive Request[POWER_NONE passive fastest=+1s0ms] from ru.yandex.uber(10251 foreground)
07-11 21:33:32.249: I/updatesdk(23387): UpdateSDK version is: 2.0.7.302 ,flavor: envrelease ,pkgName: ru.yandex.uber
07-11 21:33:32.260: D/ForceDarkHelper(23387): updateByCheckExcludeList: pkg: ru.yandex.uber activity: ru.yandex.taxi.activity.MainActivity@9085e84
07-11 21:33:32.261: I/chatty(23387): uid=10251(ru.yandex.uber) identical 3 lines
07-11 21:33:32.262: D/ForceDarkHelper(23387): updateByCheckExcludeList: pkg: ru.yandex.uber activity: ru.yandex.taxi.activity.MainActivity@9085e84
07-11 21:33:32.265: D/ForceDarkHelper(23387): updateByCheckExcludeList: pkg: ru.yandex.uber activity: ru.yandex.taxi.activity.MainActivity@9085e84
07-11 21:33:32.270: I/chatty(23387): uid=10251(ru.yandex.uber) identical 16 lines
07-11 21:33:32.271: D/ForceDarkHelper(23387): updateByCheckExcludeList: pkg: ru.yandex.uber activity: ru.yandex.taxi.activity.MainActivity@9085e84
07-11 21:33:32.274: D/LocationManagerService(1632): request 147f4ce passive Request[POWER_NONE passive fastest=+1s0ms] from ru.yandex.uber(10251 foreground)
07-11 21:33:32.275: D/ForceDarkHelper(23387): updateByCheckExcludeList: pkg: ru.yandex.uber activity: ru.yandex.taxi.activity.MainActivity@9085e84
07-11 21:33:32.282: I/chatty(23387): uid=10251(ru.yandex.uber) identical 19 lines
07-11 21:33:32.283: D/ForceDarkHelper(23387): updateByCheckExcludeList: pkg: ru.yandex.uber activity: ru.yandex.taxi.activity.MainActivity@9085e84
07-11 21:33:32.284: D/ForceDarkHelper(23387): updateByCheckExcludeList: pkg: ru.yandex.uber activity: ru.yandex.taxi.activity.MainActivity@9085e84
07-11 21:33:32.284: I/chatty(23387): uid=10251(ru.yandex.uber) identical 1 line
07-11 21:33:32.284: D/ForceDarkHelper(23387): updateByCheckExcludeList: pkg: ru.yandex.uber activity: ru.yandex.taxi.activity.MainActivity@9085e84
07-11 21:33:32.284: D/LocationManagerService(1632): request 147f4ce passive Request[POWER_NONE passive fastest=+1s0ms] from ru.yandex.uber(10251 foreground)
07-11 21:33:32.285: D/ForceDarkHelper(23387): updateByCheckExcludeList: pkg: ru.yandex.uber activity: ru.yandex.taxi.activity.MainActivity@9085e84
07-11 21:33:32.287: I/chatty(23387): uid=10251(ru.yandex.uber) identical 9 lines
07-11 21:33:32.287: D/ForceDarkHelper(23387): updateByCheckExcludeList: pkg: ru.yandex.uber activity: ru.yandex.taxi.activity.MainActivity@9085e84
07-11 21:33:32.288: D/ForceDarkHelper(23387): updateByCheckExcludeList: pkg: ru.yandex.uber activity: ru.yandex.taxi.activity.MainActivity@9085e84
07-11 21:33:32.288: I/chatty(23387): uid=10251(ru.yandex.uber) identical 1 line
07-11 21:33:32.288: D/ForceDarkHelper(23387): updateByCheckExcludeList: pkg: ru.yandex.uber activity: ru.yandex.taxi.activity.MainActivity@9085e84
07-11 21:33:32.288: D/LocationManagerService(1632): request 147f4ce passive Request[POWER_NONE passive fastest=+1s0ms] from ru.yandex.uber(10251 foreground)
07-11 21:33:32.288: D/ForceDarkHelper(23387): updateByCheckExcludeList: pkg: ru.yandex.uber activity: ru.yandex.taxi.activity.MainActivity@9085e84
07-11 21:33:32.293: I/chatty(23387): uid=10251(ru.yandex.uber) identical 7 lines
07-11 21:33:32.293: D/ForceDarkHelper(23387): updateByCheckExcludeList: pkg: ru.yandex.uber activity: ru.yandex.taxi.activity.MainActivity@9085e84
07-11 21:33:32.293: D/ForceDarkHelper(23387): updateByCheckExcludeList: pkg: ru.yandex.uber activity: ru.yandex.taxi.activity.MainActivity@9085e84
07-11 21:33:32.293: I/chatty(23387): uid=10251(ru.yandex.uber) identical 1 line
07-11 21:33:32.295: D/ForceDarkHelper(23387): updateByCheckExcludeList: pkg: ru.yandex.uber activity: ru.yandex.taxi.activity.MainActivity@9085e84
07-11 21:33:32.295: D/ForceDarkHelper(23387): updateByCheckExcludeList: pkg: ru.yandex.uber activity: ru.yandex.taxi.activity.MainActivity@9085e84
07-11 21:33:32.304: I/chatty(23387): uid=10251(ru.yandex.uber) identical 9 lines
07-11 21:33:32.305: D/ForceDarkHelper(23387): updateByCheckExcludeList: pkg: ru.yandex.uber activity: ru.yandex.taxi.activity.MainActivity@9085e84
07-11 21:33:32.305: D/ForceDarkHelper(23387): updateByCheckExcludeList: pkg: ru.yandex.uber activity: ru.yandex.taxi.activity.MainActivity@9085e84
07-11 21:33:32.306: D/ForceDarkHelper(23387): updateByCheckExcludeList: pkg: ru.yandex.uber activity: ru.yandex.taxi.activity.MainActivity@9085e84
07-11 21:33:32.317: D/LocationManagerService(1632): request 147f4ce passive Request[POWER_NONE passive fastest=+1s0ms] from ru.yandex.uber(10251 foreground)
07-11 21:33:32.333: D/LocationManagerService(1632): request 147f4ce passive Request[POWER_NONE passive fastest=+1s0ms] from ru.yandex.uber(10251 foreground)
07-11 21:33:32.337: D/LocationManagerService(1632): request 147f4ce passive Request[POWER_NONE passive fastest=+1s0ms] from ru.yandex.uber(10251 foreground)
07-11 21:33:32.348: D/ForceDarkHelper(23387): updateByCheckExcludeList: pkg: ru.yandex.uber activity: ru.yandex.taxi.activity.MainActivity@9085e84
07-11 21:33:32.370: I/MiuiKnockGestureService(1632): focus window:ru.yandex.uber
07-11 21:33:32.394: D/LocationManagerService(1632): request 147f4ce passive Request[POWER_NONE passive fastest=+1s0ms] from ru.yandex.uber(10251 foreground)
07-11 21:33:32.408: D/LocationManagerService(1632): request 147f4ce passive Request[POWER_NONE passive fastest=+1s0ms] from ru.yandex.uber(10251 foreground)
07-11 21:33:32.484: I/WifiScanRequestProxy(1632): Scan request from ru.yandex.uber throttled
07-11 21:33:32.516: I/Timeline(1632): Timeline: Activity_windows_visible id: ActivityRecord{8d767c7 u0 ru.yandex.uber/ru.yandex.taxi.activity.MainActivity t4408} time:4271387
07-11 21:33:32.551: I/ActivityTaskManager(1632): Displayed ru.yandex.uber/ru.yandex.taxi.activity.MainActivity: +636ms
07-11 21:33:32.631: I/updatesdk(23387): UpdateSDK version is: 2.0.7.302 ,flavor: envrelease ,pkgName: ru.yandex.uber
07-11 21:33:32.705: E/ActivityManager(1632):   102% 23387/ru.yandex.uber: 81% user + 21% kernel / faults: 94720 minor 1 major
07-11 21:33:32.705: E/ActivityManager(1632):   15% 23448/ru.yandex.uber:Metrica: 10% user + 5.4% kernel / faults: 8734 minor
07-11 21:33:32.705: E/ActivityManager(1632):   0.6% 23565/ru.yandex.uber:passport: 0.6% user + 0% kernel / faults: 645 minor
07-11 21:33:32.729: W/RenderInspector(23387): QueueBuffer time out on ru.yandex.uber/ru.yandex.taxi.activity.MainActivity, count=1, avg=12 ms, max=12 ms.
07-11 21:33:32.785: D/LocationManagerService(1632): request 147f4ce passive Request[POWER_NONE passive fastest=+1s0ms] from ru.yandex.uber(10251 foreground)
07-11 21:33:32.819: D/LocationManagerService(1632): request 147f4ce passive Request[POWER_NONE passive fastest=+1s0ms] from ru.yandex.uber(10251 foreground)
07-11 21:33:32.844: D/LocationManagerService(1632): request 147f4ce passive Request[POWER_NONE passive fastest=+1s0ms] from ru.yandex.uber(10251 foreground)
07-11 21:33:32.862: D/LocationManagerService(1632): request 147f4ce passive Request[POWER_NONE passive fastest=+1s0ms] from ru.yandex.uber(10251 foreground)
07-11 21:33:32.875: D/LocationManagerService(1632): request 147f4ce passive Request[POWER_NONE passive fastest=+1s0ms] from ru.yandex.uber(10251 foreground)
07-11 21:33:32.886: D/LocationManagerService(1632): request 147f4ce passive Request[POWER_NONE passive fastest=+1s0ms] from ru.yandex.uber(10251 foreground)
07-11 21:33:32.897: W/RenderInspector(23387): QueueBuffer time out on ru.yandex.uber/ru.yandex.taxi.activity.MainActivity, count=1, avg=8 ms, max=8 ms.
07-11 21:33:32.928: D/LocationManagerService(1632): request 147f4ce passive Request[POWER_NONE passive fastest=+1s0ms] from ru.yandex.uber(10251 foreground)
07-11 21:33:32.938: D/LocationManagerService(1632): request 147f4ce passive Request[POWER_NONE passive fastest=+1s0ms] from ru.yandex.uber(10251 foreground)
07-11 21:33:32.945: D/LocationManagerService(1632): request 147f4ce passive Request[POWER_NONE passive fastest=+1s0ms] from ru.yandex.uber(10251 foreground)
07-11 21:33:32.953: D/LocationManagerService(1632): request 147f4ce passive Request[POWER_NONE passive fastest=+1s0ms] from ru.yandex.uber(10251 foreground)
07-11 21:33:33.085: D/ForceDarkHelper(23387): updateByCheckExcludeList: pkg: ru.yandex.uber activity: ru.yandex.taxi.activity.MainActivity@9085e84
07-11 21:33:33.089: I/chatty(23387): uid=10251(ru.yandex.uber) identical 7 lines
07-11 21:33:33.090: D/ForceDarkHelper(23387): updateByCheckExcludeList: pkg: ru.yandex.uber activity: ru.yandex.taxi.activity.MainActivity@9085e84
07-11 21:33:33.091: D/LocationManagerService(1632): request 147f4ce passive Request[POWER_NONE passive fastest=+1s0ms] from ru.yandex.uber(10251 foreground)
07-11 21:33:33.091: D/ForceDarkHelper(23387): updateByCheckExcludeList: pkg: ru.yandex.uber activity: ru.yandex.taxi.activity.MainActivity@9085e84
07-11 21:33:33.091: I/chatty(23387): uid=10251(ru.yandex.uber) identical 1 line
07-11 21:33:33.092: D/ForceDarkHelper(23387): updateByCheckExcludeList: pkg: ru.yandex.uber activity: ru.yandex.taxi.activity.MainActivity@9085e84
07-11 21:33:33.210: D/LocationManagerService(1632): request 147f4ce passive Request[POWER_NONE passive fastest=+1s0ms] from ru.yandex.uber(10251 foreground)
07-11 21:33:33.236: D/LocationManagerService(1632): request 147f4ce passive Request[POWER_NONE passive fastest=+1s0ms] from ru.yandex.uber(10251 foreground)
07-11 21:33:33.617: D/LocationManagerService(1632): request 147f4ce passive Request[POWER_NONE passive fastest=+1s0ms] from ru.yandex.uber(10251 foreground)
07-11 21:33:33.732: D/LocationManagerService(1632): request 147f4ce passive Request[POWER_NONE passive fastest=+1s0ms] from ru.yandex.uber(10251 foreground)
07-11 21:33:37.306: D/LocationManagerService(1632): request 147f4ce passive Request[POWER_NONE passive fastest=+1s0ms] from ru.yandex.uber(10251 foreground)
